function Main.fibonacci 0
push argument 0
push constant 2
lt                     
if-goto N_LT_2        
goto N_GE_2
label N_LT_2               
push argument 0        
return
label N_GE_2               
push argument 0
push constant 2
sub
call Main.fibonacci 1  
push argument 0
push constant 1
sub
call Main.fibonacci 1  
add                    
return
